// Jest Snapshot v1, https://goo.gl/fbAQLP

exports[`App.vue should render properly 1`] = `
<div id="app">
  <checklist-stub title="Vue.js Todo List"></checklist-stub>
</div>
`;
